[queue] 1/8 2026-03-30_mlx_quick_int6_group64_headint7_lzma_val32768_skipfloat
[queue] launching /usr/bin/time -p /Users/jeebho01/parameter-golf/.venv/bin/python3 /Users/jeebho01/parameter-golf/research/2026-03-30_mlx_quick_int6_group64_headint7_lzma_val32768_skipfloat/train_gpt_mlx.py
[queue] return code for 2026-03-30_mlx_quick_int6_group64_headint7_lzma_val32768_skipfloat: 0
[queue] logged 2026-03-30_mlx_quick_int6_group64_headint7_lzma_val32768_skipfloat val_bpb=1.90383884 artifact_bytes=8836813 time=16:43.72 rss=1536081920 status=maybe
[queue] sleeping 60.0s before next run
[queue] 2/8 2026-03-30_mlx_quick_int6_group64_headint7_lzma_awqheadonly_calib128_val32768_skipfloat
[queue] launching /usr/bin/time -p /Users/jeebho01/parameter-golf/.venv/bin/python3 /Users/jeebho01/parameter-golf/research/2026-03-30_mlx_quick_int6_group64_headint7_lzma_awqheadonly_calib128_val32768_skipfloat/train_gpt_mlx.py
[queue] return code for 2026-03-30_mlx_quick_int6_group64_headint7_lzma_awqheadonly_calib128_val32768_skipfloat: 0
[queue] logged 2026-03-30_mlx_quick_int6_group64_headint7_lzma_awqheadonly_calib128_val32768_skipfloat val_bpb=1.90518759 artifact_bytes=8820525 time=16:51.38 rss=1535524864 status=maybe
[queue] sleeping 60.0s before next run
[queue] 3/8 2026-03-30_mlx_quick_int6_group64_headint6_lzma_val32768_skipfloat
[queue] launching /usr/bin/time -p /Users/jeebho01/parameter-golf/.venv/bin/python3 /Users/jeebho01/parameter-golf/research/2026-03-30_mlx_quick_int6_group64_headint6_lzma_val32768_skipfloat/train_gpt_mlx.py
[queue] return code for 2026-03-30_mlx_quick_int6_group64_headint6_lzma_val32768_skipfloat: 0
[queue] logged 2026-03-30_mlx_quick_int6_group64_headint6_lzma_val32768_skipfloat val_bpb=1.90965122 artifact_bytes=8755057 time=16:44.18 rss=1536540672 status=maybe
[queue] sleeping 60.0s before next run
[queue] 4/8 2026-03-30_mlx_quick_int6_group64_headint6_lzma_awqheadonly_calib128_val32768_skipfloat
[queue] launching /usr/bin/time -p /Users/jeebho01/parameter-golf/.venv/bin/python3 /Users/jeebho01/parameter-golf/research/2026-03-30_mlx_quick_int6_group64_headint6_lzma_awqheadonly_calib128_val32768_skipfloat/train_gpt_mlx.py
[queue] return code for 2026-03-30_mlx_quick_int6_group64_headint6_lzma_awqheadonly_calib128_val32768_skipfloat: 0
[queue] logged 2026-03-30_mlx_quick_int6_group64_headint6_lzma_awqheadonly_calib128_val32768_skipfloat val_bpb=1.90536722 artifact_bytes=8743545 time=16:49.98 rss=1536131072 status=maybe
[queue] sleeping 60.0s before next run
[queue] 5/8 2026-03-30_mlx_quick_int5_group64_headint7_lzma_val32768_skipfloat
[queue] launching /usr/bin/time -p /Users/jeebho01/parameter-golf/.venv/bin/python3 /Users/jeebho01/parameter-golf/research/2026-03-30_mlx_quick_int5_group64_headint7_lzma_val32768_skipfloat/train_gpt_mlx.py
[queue] return code for 2026-03-30_mlx_quick_int5_group64_headint7_lzma_val32768_skipfloat: 0
[queue] logged 2026-03-30_mlx_quick_int5_group64_headint7_lzma_val32768_skipfloat val_bpb=1.91623056 artifact_bytes=6773413 time=16:49.95 rss=1535868928 status=maybe
[queue] sleeping 60.0s before next run
[queue] 6/8 2026-03-30_mlx_quick_int5_group64_headint7_lzma_awqheadonly_calib128_val32768_skipfloat
[queue] launching /usr/bin/time -p /Users/jeebho01/parameter-golf/.venv/bin/python3 /Users/jeebho01/parameter-golf/research/2026-03-30_mlx_quick_int5_group64_headint7_lzma_awqheadonly_calib128_val32768_skipfloat/train_gpt_mlx.py
[queue] return code for 2026-03-30_mlx_quick_int5_group64_headint7_lzma_awqheadonly_calib128_val32768_skipfloat: 0
[queue] logged 2026-03-30_mlx_quick_int5_group64_headint7_lzma_awqheadonly_calib128_val32768_skipfloat val_bpb=1.91325913 artifact_bytes=6736385 time=16:53.07 rss=1535737856 status=maybe
[queue] sleeping 60.0s before next run
[queue] 7/8 2026-03-30_mlx_quick_int5_group64_headint6_lzma_val32768_skipfloat
[queue] launching /usr/bin/time -p /Users/jeebho01/parameter-golf/.venv/bin/python3 /Users/jeebho01/parameter-golf/research/2026-03-30_mlx_quick_int5_group64_headint6_lzma_val32768_skipfloat/train_gpt_mlx.py
[queue] return code for 2026-03-30_mlx_quick_int5_group64_headint6_lzma_val32768_skipfloat: 0
[queue] logged 2026-03-30_mlx_quick_int5_group64_headint6_lzma_val32768_skipfloat val_bpb=1.91860802 artifact_bytes=6663533 time=16:41.77 rss=1535639552 status=maybe
[queue] sleeping 60.0s before next run
[queue] 8/8 2026-03-30_mlx_quick_int5_group64_headint6_lzma_awqheadonly_calib128_val32768_skipfloat
[queue] launching /usr/bin/time -p /Users/jeebho01/parameter-golf/.venv/bin/python3 /Users/jeebho01/parameter-golf/research/2026-03-30_mlx_quick_int5_group64_headint6_lzma_awqheadonly_calib128_val32768_skipfloat/train_gpt_mlx.py
[queue] return code for 2026-03-30_mlx_quick_int5_group64_headint6_lzma_awqheadonly_calib128_val32768_skipfloat: 0
[queue] logged 2026-03-30_mlx_quick_int5_group64_headint6_lzma_awqheadonly_calib128_val32768_skipfloat val_bpb=1.90805578 artifact_bytes=6750137 time=16:45.49 rss=1534820352 status=maybe
