[chain] waiting for fp4_af4_breadth_queue_20260402 at 2026-04-02T11:11:59Z
[chain] waiting for fp4_af4_breadth_queue_20260402 at 2026-04-02T11:12:59Z
[chain] waiting for fp4_af4_breadth_queue_20260402 at 2026-04-02T11:13:59Z
[chain] waiting for fp4_af4_breadth_queue_20260402 at 2026-04-02T11:14:59Z
[chain] waiting for fp4_af4_breadth_queue_20260402 at 2026-04-02T11:15:59Z
[chain] waiting for fp4_af4_breadth_queue_20260402 at 2026-04-02T11:16:59Z
[chain] waiting for fp4_af4_breadth_queue_20260402 at 2026-04-02T11:17:59Z
[chain] waiting for fp4_af4_breadth_queue_20260402 at 2026-04-02T11:18:59Z
[chain] waiting for fp4_af4_breadth_queue_20260402 at 2026-04-02T11:19:59Z
[chain] waiting for fp4_af4_breadth_queue_20260402 at 2026-04-02T11:20:59Z
[chain] waiting for fp4_af4_breadth_queue_20260402 at 2026-04-02T11:21:59Z
[chain] waiting for fp4_af4_breadth_queue_20260402 at 2026-04-02T11:22:59Z
[chain] waiting for fp4_af4_breadth_queue_20260402 at 2026-04-02T11:23:59Z
[chain] waiting for fp4_af4_breadth_queue_20260402 at 2026-04-02T11:24:59Z
[chain] waiting for fp4_af4_breadth_queue_20260402 at 2026-04-02T11:25:59Z
[chain] waiting for fp4_af4_breadth_queue_20260402 at 2026-04-02T11:26:59Z
[chain] waiting for fp4_af4_breadth_queue_20260402 at 2026-04-02T11:27:59Z
[chain] waiting for fp4_af4_breadth_queue_20260402 at 2026-04-02T11:28:59Z
[chain] waiting for fp4_af4_breadth_queue_20260402 at 2026-04-02T11:29:59Z
[chain] waiting for fp4_af4_breadth_queue_20260402 at 2026-04-02T11:30:59Z
[chain] waiting for fp4_af4_breadth_queue_20260402 at 2026-04-02T11:31:59Z
[chain] waiting for fp4_af4_breadth_queue_20260402 at 2026-04-02T11:32:59Z
[chain] waiting for fp4_af4_breadth_queue_20260402 at 2026-04-02T11:33:59Z
[chain] waiting for fp4_af4_breadth_queue_20260402 at 2026-04-02T11:34:59Z
[chain] waiting for fp4_af4_breadth_queue_20260402 at 2026-04-02T11:35:59Z
[chain] waiting for fp4_af4_breadth_queue_20260402 at 2026-04-02T11:36:59Z
[chain] waiting for fp4_af4_breadth_queue_20260402 at 2026-04-02T11:37:59Z
[chain] waiting for fp4_af4_breadth_queue_20260402 at 2026-04-02T11:38:59Z
[chain] waiting for fp4_af4_breadth_queue_20260402 at 2026-04-02T11:39:59Z
[chain] waiting for fp4_af4_breadth_queue_20260402 at 2026-04-02T11:40:59Z
[chain] waiting for fp4_af4_breadth_queue_20260402 at 2026-04-02T11:41:59Z
[chain] waiting for fp4_af4_breadth_queue_20260402 at 2026-04-02T11:42:59Z
[chain] waiting for fp4_af4_breadth_queue_20260402 at 2026-04-02T11:43:59Z
[chain] waiting for fp4_af4_breadth_queue_20260402 at 2026-04-02T11:45:00Z
[chain] waiting for fp4_af4_breadth_queue_20260402 at 2026-04-02T11:46:00Z
[chain] waiting for fp4_af4_breadth_queue_20260402 at 2026-04-02T11:47:00Z
[chain] waiting for fp4_af4_breadth_queue_20260402 at 2026-04-02T11:48:00Z
[chain] waiting for fp4_af4_breadth_queue_20260402 at 2026-04-02T11:49:00Z
[chain] waiting for fp4_af4_breadth_queue_20260402 at 2026-04-02T11:50:00Z
[chain] waiting for fp4_af4_breadth_queue_20260402 at 2026-04-02T11:51:00Z
[chain] waiting for fp4_af4_breadth_queue_20260402 at 2026-04-02T11:52:00Z
[chain] waiting for fp4_af4_breadth_queue_20260402 at 2026-04-02T11:53:00Z
[chain] waiting for fp4_af4_breadth_queue_20260402 at 2026-04-02T11:54:00Z
[chain] waiting for fp4_af4_breadth_queue_20260402 at 2026-04-02T11:55:00Z
[chain] waiting for fp4_af4_breadth_queue_20260402 at 2026-04-02T11:56:00Z
[chain] waiting for fp4_af4_breadth_queue_20260402 at 2026-04-02T11:57:00Z
[chain] waiting for fp4_af4_breadth_queue_20260402 at 2026-04-02T11:58:00Z
[chain] waiting for fp4_af4_breadth_queue_20260402 at 2026-04-02T11:59:00Z
[chain] waiting for fp4_af4_breadth_queue_20260402 at 2026-04-02T12:00:00Z
[chain] waiting for fp4_af4_breadth_queue_20260402 at 2026-04-02T12:01:00Z
[chain] waiting for fp4_af4_breadth_queue_20260402 at 2026-04-02T12:02:00Z
[chain] waiting for fp4_af4_breadth_queue_20260402 at 2026-04-02T12:03:00Z
[chain] waiting for fp4_af4_breadth_queue_20260402 at 2026-04-02T12:04:00Z
[chain] waiting for fp4_af4_breadth_queue_20260402 at 2026-04-02T12:05:00Z
[chain] waiting for fp4_af4_breadth_queue_20260402 at 2026-04-02T12:06:00Z
[chain] waiting for fp4_af4_breadth_queue_20260402 at 2026-04-02T12:07:00Z
[chain] waiting for fp4_af4_breadth_queue_20260402 at 2026-04-02T12:08:00Z
[chain] launching signroundlite breadth queue at 2026-04-02T12:09:00Z
[queue] 1/6 2026-04-02_mlx_quick_int4_group64_tiedemb_fp16_lzma_signroundlite_calib128_val32768_skipfloat
[queue] launching /usr/bin/time -p /Library/Developer/CommandLineTools/usr/bin/python3 /Users/jeebho01/parameter-golf/research/2026-04-02_mlx_quick_int4_group64_tiedemb_fp16_lzma_signroundlite_calib128_val32768_skipfloat/train_gpt_mlx.py
[queue] return code for 2026-04-02_mlx_quick_int4_group64_tiedemb_fp16_lzma_signroundlite_calib128_val32768_skipfloat: 1
[queue] logged 2026-04-02_mlx_quick_int4_group64_tiedemb_fp16_lzma_signroundlite_calib128_val32768_skipfloat val_bpb=0.00000000 artifact_bytes=0 time=0:00.06 rss=0 status=crash
[queue] sleeping 90.0s before next run
[queue] 2/6 2026-04-02_mlx_quick_int4_group64_tiedemb_fp16_lzma_rht_signroundlite_calib128_val32768_skipfloat
[queue] launching /usr/bin/time -p /Library/Developer/CommandLineTools/usr/bin/python3 /Users/jeebho01/parameter-golf/research/2026-04-02_mlx_quick_int4_group64_tiedemb_fp16_lzma_rht_signroundlite_calib128_val32768_skipfloat/train_gpt_mlx.py
[queue] return code for 2026-04-02_mlx_quick_int4_group64_tiedemb_fp16_lzma_rht_signroundlite_calib128_val32768_skipfloat: 1
[queue] logged 2026-04-02_mlx_quick_int4_group64_tiedemb_fp16_lzma_rht_signroundlite_calib128_val32768_skipfloat val_bpb=0.00000000 artifact_bytes=0 time=0:00.06 rss=0 status=crash
[queue] sleeping 90.0s before next run
[queue] 3/6 2026-04-02_mlx_quick_int5_group64_tiedemb_fp16_lzma_signroundlite_calib128_val32768_skipfloat
[queue] launching /usr/bin/time -p /Library/Developer/CommandLineTools/usr/bin/python3 /Users/jeebho01/parameter-golf/research/2026-04-02_mlx_quick_int5_group64_tiedemb_fp16_lzma_signroundlite_calib128_val32768_skipfloat/train_gpt_mlx.py
[queue] return code for 2026-04-02_mlx_quick_int5_group64_tiedemb_fp16_lzma_signroundlite_calib128_val32768_skipfloat: 1
[queue] logged 2026-04-02_mlx_quick_int5_group64_tiedemb_fp16_lzma_signroundlite_calib128_val32768_skipfloat val_bpb=0.00000000 artifact_bytes=0 time=0:00.05 rss=0 status=crash
[queue] sleeping 90.0s before next run
[queue] 4/6 2026-04-02_mlx_quick_int5_group64_tiedemb_fp16_lzma_rht_signroundlite_calib128_val32768_skipfloat
[queue] launching /usr/bin/time -p /Library/Developer/CommandLineTools/usr/bin/python3 /Users/jeebho01/parameter-golf/research/2026-04-02_mlx_quick_int5_group64_tiedemb_fp16_lzma_rht_signroundlite_calib128_val32768_skipfloat/train_gpt_mlx.py
[queue] return code for 2026-04-02_mlx_quick_int5_group64_tiedemb_fp16_lzma_rht_signroundlite_calib128_val32768_skipfloat: 1
[queue] logged 2026-04-02_mlx_quick_int5_group64_tiedemb_fp16_lzma_rht_signroundlite_calib128_val32768_skipfloat val_bpb=0.00000000 artifact_bytes=0 time=0:00.06 rss=0 status=crash
[queue] sleeping 90.0s before next run
[queue] 5/6 2026-04-02_mlx_quick_int4_group64_tiedemb_fp16_lzma_nf4_signroundlite_calib128_val32768_skipfloat
[queue] launching /usr/bin/time -p /Library/Developer/CommandLineTools/usr/bin/python3 /Users/jeebho01/parameter-golf/research/2026-04-02_mlx_quick_int4_group64_tiedemb_fp16_lzma_nf4_signroundlite_calib128_val32768_skipfloat/train_gpt_mlx.py
[queue] return code for 2026-04-02_mlx_quick_int4_group64_tiedemb_fp16_lzma_nf4_signroundlite_calib128_val32768_skipfloat: 1
[queue] logged 2026-04-02_mlx_quick_int4_group64_tiedemb_fp16_lzma_nf4_signroundlite_calib128_val32768_skipfloat val_bpb=0.00000000 artifact_bytes=0 time=0:00.05 rss=0 status=crash
[queue] sleeping 90.0s before next run
[queue] 6/6 2026-04-02_mlx_quick_int4_group64_tiedemb_fp16_lzma_rht_nf4_signroundlite_calib128_val32768_skipfloat
[queue] launching /usr/bin/time -p /Library/Developer/CommandLineTools/usr/bin/python3 /Users/jeebho01/parameter-golf/research/2026-04-02_mlx_quick_int4_group64_tiedemb_fp16_lzma_rht_nf4_signroundlite_calib128_val32768_skipfloat/train_gpt_mlx.py
[queue] return code for 2026-04-02_mlx_quick_int4_group64_tiedemb_fp16_lzma_rht_nf4_signroundlite_calib128_val32768_skipfloat: 1
[queue] logged 2026-04-02_mlx_quick_int4_group64_tiedemb_fp16_lzma_rht_nf4_signroundlite_calib128_val32768_skipfloat val_bpb=0.00000000 artifact_bytes=0 time=0:00.05 rss=0 status=crash
